
== parantez
   tur 1: derlendi, isci 104s, onarim 1, gizli 6/6

== lru
   tur 1: derlendi, isci 250s, onarim 1, gizli 6/6

== roma
   tur 1: derlendi, isci 152s, onarim 1, gizli 5/6
      x gidis-donus 1..3999  ValueError: Gecersiz tekrar: X en fazla 3 kez ardarda gelebilir
   tur 2: derlendi, isci 192s, onarim 1, gizli 6/6

== satis
   tur 1: derlendi, isci 99s, onarim 1, gizli 6/6

== fib_onar
   tur 1: derlendi, isci 72s, onarim 1, gizli 6/6

== kelime
   tur 1: derlendi, isci 107s, onarim 1, gizli 6/6

gorev      tur1     son      tur      sure
parantez   6/6      6/6      1        104s
lru        6/6      6/6      1        250s
roma       5/6      6/6      2        345s
satis      6/6      6/6      1        99s
fib_onar   6/6      6/6      1        72s
kelime     6/6      6/6      1        107s
TOPLAM tur1 35/36, son 36/36
-> C:\Users\malik.kayaalp\Desktop\Apprentice\tests\code_kampanya.son.json
-> arsiv: C:\Users\malik.kayaalp\Desktop\Apprentice\reports\olcum\code_kampanya-20260825-134112.json
